[hostrider.com/index.html]
[backblue.gif]
[fade.gif]
[index.html]
[hostrider.com/images/tw.png]
[hostrider.com/images/fav/favicon-16x16.png]
[hostrider.com/images/fav/favicon-32x32.png]
[hostrider.com/images/fav/favicon-96x96.png]
[hostrider.com/images/fav/favicon-192x192.png]
[hostrider.com/images/fav/apple-touch-icon-57x57.png]
[hostrider.com/images/fav/apple-touch-icon-152x152.png]
[hostrider.com/images/fav/apple-touch-icon-180x180.png]
[cdnjs.cloudflare.com/ajax/libs/normalize/5.0.0/normalize.min.css]
[hostrider.com/cat/style.css]
[maxcdn.bootstrapcdn.com/font-awesome/4.7.0/css/font-awesome.min.css]
[cdn.jsdelivr.net/npm/hockeystack@latest/hockeystack.min.js]
[hostrider.com/sounds/cat-menu.mp3]
[hostrider.com/sounds/cat-angry.mp3]
[hostrider.com/sounds/cat-clean.mp3]
[hostrider.com/sounds/cat-meow.mp3]
[hostrider.com/sounds/click.mp3]
[hostrider.com/credits.html]
[cdnjs.cloudflare.com/ajax/libs/gsap/3.6.0/gsap.min.js]
[hostrider.com/cat/DrawSVGPlugin.min.js]
[cdnjs.cloudflare.com/ajax/libs/lodash.js/4.17.15/lodash.min.js]
[hostrider.com/cat/script.js]
[cdnjs.cloudflare.com/ajax/libs/react/17.0.1/umd/react.production.min.js]
[cdnjs.cloudflare.com/ajax/libs/react-dom/17.0.1/umd/react-dom.production.min.js]
[hostrider.com/toggle/MorphSVGPlugin.min.js]
[hostrider.com/toggle/script.js]
[hostrider.com/cat/share.js]
[hostrider.com/index.html]
[cdnjs.cloudflare.com/ajax/libs/normalize/5.0.0/normalize.min.css]
[hostrider.com/cat/style.css]
[maxcdn.bootstrapcdn.com/font-awesome/4.7.0/css/font-awesome.min.css]
[hostrider.com/credits.html]
